main.c:738:6:DownloadFourthPattern.part.7	8	static
main.c:207:6:SystemClock_Config	112	static
main.c:444:6:StripInit	0	static
main.c:455:6:SetColor	12	static
main.c:461:6:SetColorFromWS2812B	24	static
main.c:467:6:StripReset	64	static
main.c:476:6:StripShow	24	static
main.c:531:9:Wheel	8	static
main.c:520:6:rainbowCycle	24	static
main.c:556:6:CheckACK	24	static
main.c:580:6:ConnectToArduino	8	static
main.c:592:6:GetDisplayData	32	static
main.c:633:6:CheckSDD	8	static
main.c:641:6:testt	8	static
main.c:704:6:SSD1306_RefreshUI	16	static
main.c:650:6:HAL_GPIO_EXTI_Callback	16	static
main.c:713:6:DownloadFirstPattern	8	static
main.c:722:6:DownloadSecondPattern	8	static
main.c:730:6:DownloadThirdPattern	8	static
main.c:738:6:DownloadFourthPattern	8	static
main.c:118:5:main	56	static
main.c:753:6:Error_Handler	0	static
